
> greenchemistry-ai@0.7.1 test
> vitest run tests/lib/local-qualification/analysis.test.ts


 RUN  v4.1.7 /Users/ct-mac-mini/dev/greenchemistry-ai-local-e2e

 ❯ tests/lib/local-qualification/analysis.test.ts (12 tests | 3 failed) 4203ms
     × persists all twelve explicit outcomes after extraction without inventing findings 249ms
     × persists all twelve explicit outcomes after P5 without inventing findings 378ms
     × persists all twelve explicit outcomes after inventory-disagreement without inventing findings 396ms

⎯⎯⎯⎯⎯⎯⎯ Failed Tests 3 ⎯⎯⎯⎯⎯⎯⎯

 FAIL  tests/lib/local-qualification/analysis.test.ts > isolated analysis integration with synthetic transport, not scientific qualification > persists all twelve explicit outcomes after extraction without inventing findings
 FAIL  tests/lib/local-qualification/analysis.test.ts > isolated analysis integration with synthetic transport, not scientific qualification > persists all twelve explicit outcomes after P5 without inventing findings
 FAIL  tests/lib/local-qualification/analysis.test.ts > isolated analysis integration with synthetic transport, not scientific qualification > persists all twelve explicit outcomes after inventory-disagreement without inventing findings
AssertionError: expected undefined to deeply equal [ 'P1', 'P2', 'P3', 'P4', 'P5', …(7) ]

- Expected:
[
  "P1",
  "P2",
  "P3",
  "P4",
  "P5",
  "P6",
  "P7",
  "P8",
  "P9",
  "P10",
  "P11",
  "P12",
]

+ Received:
undefined

 ❯ tests/lib/local-qualification/analysis.test.ts:149:89
    147|     const result = await api.runIsolatedAnalysis(options)
    148|     const saved = JSON.parse((await artifacts.read(result.artifactHash…
    149|     expect(saved.principleOutcomes?.map((row: { principle: string }) =…
       |                                                                                         ^
    150|     expect(saved.principleOutcomeSummary).toEqual({ total: 12, withRes…
    151|     for (const row of saved.principleOutcomes) {

⎯⎯⎯⎯⎯⎯⎯⎯⎯⎯⎯⎯⎯⎯⎯⎯⎯⎯⎯⎯⎯⎯⎯⎯[1/3]⎯


 Test Files  1 failed (1)
      Tests  3 failed | 9 passed (12)
   Start at  00:06:22
   Duration  4.36s (transform 73ms, setup 0ms, import 91ms, tests 4.20s, environment 0ms)

