
> greenchemistry-ai@0.7.1 test
> vitest run tests/lib/local-qualification/analysis.test.ts


 RUN  v4.1.7 /Users/ct-mac-mini/dev/greenchemistry-ai-local-e2e

 ❯ tests/lib/local-qualification/analysis.test.ts (7 tests | 1 failed) 2761ms
     × runs and privately persists a separately grounded applicability audit for a synthetic supported P5 candidate 760ms

⎯⎯⎯⎯⎯⎯⎯ Failed Tests 1 ⎯⎯⎯⎯⎯⎯⎯

 FAIL  tests/lib/local-qualification/analysis.test.ts > isolated analysis integration with synthetic transport, not scientific qualification > runs and privately persists a separately grounded applicability audit for a synthetic supported P5 candidate
AssertionError: expected 'unimplemented' to be 'reviewed' // Object.is equality

Expected: "reviewed"
Received: "unimplemented"

 ❯ tests/lib/local-qualification/analysis.test.ts:162:23
    160|     const applicability = JSON.parse((await artifacts.read(row.artifac…
    161|     const p5 = applicability.principles.find((p: { principle: string }…
    162|     expect(p5.status).toBe('reviewed')
       |                       ^
    163|     const audit = JSON.parse((await artifacts.read(p5.auditHash))!.toS…
    164|     expect(audit.result.approvedDraftEdit).toBe(true)

⎯⎯⎯⎯⎯⎯⎯⎯⎯⎯⎯⎯⎯⎯⎯⎯⎯⎯⎯⎯⎯⎯⎯⎯[1/1]⎯


 Test Files  1 failed (1)
      Tests  1 failed | 6 passed (7)
   Start at  23:47:47
   Duration  2.91s (transform 73ms, setup 0ms, import 90ms, tests 2.76s, environment 0ms)

