
> greenchemistry-ai@0.7.1 test
> vitest run tests/lib/local-qualification/analysis.test.ts


 RUN  v4.1.7 /Users/ct-mac-mini/dev/greenchemistry-ai-local-e2e

 ❯ tests/lib/local-qualification/analysis.test.ts (9 tests | 1 failed) 3958ms
     × pins applicability stage identity to the auditor transport rather than the worker transport 749ms

⎯⎯⎯⎯⎯⎯⎯ Failed Tests 1 ⎯⎯⎯⎯⎯⎯⎯

 FAIL  tests/lib/local-qualification/analysis.test.ts > isolated analysis integration with synthetic transport, not scientific qualification > pins applicability stage identity to the auditor transport rather than the worker transport
AssertionError: expected 'deepinfra/turbo' to be 'coreweave/fp4' // Object.is equality

Expected: "coreweave/fp4"
Received: "deepinfra/turbo"

 ❯ tests/lib/local-qualification/analysis.test.ts:59:59
     57|     const result = await api.runIsolatedAnalysis(options)
     58|     const manifest = JSON.parse((await options.stageStore.read(result.…
     59|     expect(manifest.roles.applicability.transportVersion).toBe('corewe…
       |                                                           ^
     60|     expect(manifest.roles.P5.transportVersion).toBe('deepinfra/turbo')
     61|   })

⎯⎯⎯⎯⎯⎯⎯⎯⎯⎯⎯⎯⎯⎯⎯⎯⎯⎯⎯⎯⎯⎯⎯⎯[1/1]⎯


 Test Files  1 failed (1)
      Tests  1 failed | 8 passed (9)
   Start at  23:54:54
   Duration  4.12s (transform 75ms, setup 0ms, import 93ms, tests 3.96s, environment 0ms)

