
> greenchemistry-ai@0.7.1 test
> vitest run tests/lib/local-qualification/analysis.test.ts


 RUN  v4.1.7 /Users/ct-mac-mini/dev/greenchemistry-ai-local-e2e

 ❯ tests/lib/local-qualification/analysis.test.ts (13 tests | 2 failed) 6175ms
     × runs and privately persists a resolvable approve applicability audit for a synthetic supported P5 candidate 782ms
     × runs and privately persists a resolvable reject applicability audit for a synthetic supported P5 candidate 751ms

⎯⎯⎯⎯⎯⎯⎯ Failed Tests 2 ⎯⎯⎯⎯⎯⎯⎯

 FAIL  tests/lib/local-qualification/analysis.test.ts > isolated analysis integration with synthetic transport, not scientific qualification > runs and privately persists a resolvable approve applicability audit for a synthetic supported P5 candidate
 FAIL  tests/lib/local-qualification/analysis.test.ts > isolated analysis integration with synthetic transport, not scientific qualification > runs and privately persists a resolvable reject applicability audit for a synthetic supported P5 candidate
AssertionError: durable audit reference must resolve, not point only to a different wrapper hash: expected null not to be null
 ❯ tests/lib/local-qualification/analysis.test.ts:223:116
    221|     const reference = audit.result.auditReference
    222|     const committedBytes = await artifacts.read(reference.auditHash)
    223|     expect(committedBytes, 'durable audit reference must resolve, not …
       |                                                                                                                    ^
    224|     const committed = JSON.parse(committedBytes!.toString('utf8'))
    225|     expect(committed.audit).toEqual(audit.audit)

⎯⎯⎯⎯⎯⎯⎯⎯⎯⎯⎯⎯⎯⎯⎯⎯⎯⎯⎯⎯⎯⎯⎯⎯[1/2]⎯


 Test Files  1 failed (1)
      Tests  2 failed | 11 passed (13)
   Start at  00:08:59
   Duration  6.33s (transform 72ms, setup 0ms, import 90ms, tests 6.18s, environment 0ms)

